mode: set
neoden/h2status/config/config.go:83.24,132.2 1 1
neoden/h2status/config/config.go:134.30,138.16 3 1
neoden/h2status/config/config.go:138.16,140.3 1 0
neoden/h2status/config/config.go:142.2,144.55 2 1
neoden/h2status/config/config.go:144.55,146.3 1 1
neoden/h2status/config/config.go:148.2,149.16 2 1
neoden/h2status/config/config.go:149.16,151.3 1 1
neoden/h2status/config/config.go:153.2,153.17 1 1
neoden/h2status/swaybar/protocol.go:51.19,53.2 1 0
neoden/h2status/swaybar/protocol.go:55.32,63.2 3 1
neoden/h2status/swaybar/protocol.go:65.66,73.16 3 1
neoden/h2status/swaybar/protocol.go:73.16,76.3 2 0
neoden/h2status/swaybar/protocol.go:78.2,78.25 1 1
neoden/h2status/main.go:25.38,34.21 3 0
neoden/h2status/main.go:34.21,36.3 1 0
neoden/h2status/main.go:37.2,37.21 1 0
neoden/h2status/main.go:37.21,39.3 1 0
neoden/h2status/main.go:40.2,40.38 1 0
neoden/h2status/main.go:40.38,42.3 1 0
neoden/h2status/main.go:43.2,43.23 1 0
neoden/h2status/main.go:43.23,45.3 1 0
neoden/h2status/main.go:46.2,46.22 1 0
neoden/h2status/main.go:46.22,48.3 1 0
neoden/h2status/main.go:49.2,49.25 1 0
neoden/h2status/main.go:49.25,51.3 1 0
neoden/h2status/main.go:52.2,52.21 1 0
neoden/h2status/main.go:52.21,54.3 1 0
neoden/h2status/main.go:55.2,55.27 1 0
neoden/h2status/main.go:55.27,57.46 2 0
neoden/h2status/main.go:57.46,59.4 1 0
neoden/h2status/main.go:60.3,60.51 1 0
neoden/h2status/main.go:62.2,62.25 1 0
neoden/h2status/main.go:62.25,65.3 2 0
neoden/h2status/main.go:67.2,67.12 1 0
neoden/h2status/main.go:70.26,71.32 1 0
neoden/h2status/main.go:71.32,73.3 1 0
neoden/h2status/main.go:76.33,79.32 2 0
neoden/h2status/main.go:79.32,80.41 1 0
neoden/h2status/main.go:80.41,82.4 1 0
neoden/h2status/main.go:86.2,88.47 2 0
neoden/h2status/main.go:91.55,92.20 1 0
neoden/h2status/main.go:93.22,94.25 1 0
neoden/h2status/main.go:94.25,96.4 1 0
neoden/h2status/main.go:97.15,98.38 1 0
neoden/h2status/main.go:102.52,106.86 3 0
neoden/h2status/main.go:106.86,108.34 2 0
neoden/h2status/main.go:108.34,109.19 1 0
neoden/h2status/main.go:110.13,111.22 1 0
neoden/h2status/main.go:111.22,113.6 1 0
neoden/h2status/main.go:114.5,114.15 1 0
neoden/h2status/main.go:115.13,117.22 2 0
neoden/h2status/main.go:117.22,119.6 1 0
neoden/h2status/main.go:122.3,122.9 1 0
neoden/h2status/main.go:124.2,126.21 2 0
neoden/h2status/main.go:126.21,127.28 1 0
neoden/h2status/main.go:127.28,128.12 1 0
neoden/h2status/main.go:130.3,131.17 2 0
neoden/h2status/main.go:131.17,132.12 1 0
neoden/h2status/main.go:134.3,134.14 1 0
neoden/h2status/main.go:138.13,139.57 1 0
neoden/h2status/main.go:139.57,142.3 2 0
neoden/h2status/main.go:144.2,145.16 2 0
neoden/h2status/main.go:145.16,147.3 1 0
neoden/h2status/main.go:149.2,154.16 4 0
neoden/h2status/main.go:154.16,157.3 2 0
neoden/h2status/main.go:159.2,164.26 4 0
neoden/h2status/main.go:164.26,166.3 1 0
neoden/h2status/main.go:168.2,168.6 1 0
neoden/h2status/main.go:168.6,169.10 1 0
neoden/h2status/main.go:170.17,171.16 1 0
neoden/h2status/main.go:172.22,172.22 0 0
neoden/h2status/main.go:174.28,175.26 1 0
neoden/h2status/main.go:177.3,177.28 1 0
neoden/h2status/widgets/battery.go:43.65,45.2 1 1
neoden/h2status/widgets/battery.go:47.44,49.16 2 1
neoden/h2status/widgets/battery.go:49.16,51.3 1 1
neoden/h2status/widgets/battery.go:52.2,53.17 2 1
neoden/h2status/widgets/battery.go:56.28,66.37 8 1
neoden/h2status/widgets/battery.go:66.37,68.3 1 1
neoden/h2status/widgets/battery.go:70.2,70.31 1 1
neoden/h2status/widgets/battery.go:70.31,74.71 2 1
neoden/h2status/widgets/battery.go:74.71,75.12 1 1
neoden/h2status/widgets/battery.go:79.3,80.17 2 1
neoden/h2status/widgets/battery.go:80.17,81.12 1 1
neoden/h2status/widgets/battery.go:83.3,91.26 5 1
neoden/h2status/widgets/battery.go:91.26,95.4 3 1
neoden/h2status/widgets/battery.go:97.3,104.31 5 1
neoden/h2status/widgets/battery.go:104.31,106.4 1 1
neoden/h2status/widgets/battery.go:109.2,109.27 1 1
neoden/h2status/widgets/battery.go:109.27,111.3 1 1
neoden/h2status/widgets/battery.go:113.2,116.22 2 1
neoden/h2status/widgets/battery.go:116.22,118.3 1 1
neoden/h2status/widgets/battery.go:121.2,121.20 1 1
neoden/h2status/widgets/battery.go:121.20,122.19 1 1
neoden/h2status/widgets/battery.go:122.19,124.4 1 1
neoden/h2status/widgets/battery.go:124.9,126.4 1 1
neoden/h2status/widgets/battery.go:130.37,131.16 1 1
neoden/h2status/widgets/battery.go:131.16,133.3 1 1
neoden/h2status/widgets/battery.go:135.2,135.60 1 1
neoden/h2status/widgets/battery.go:135.60,137.3 1 1
neoden/h2status/widgets/battery.go:138.2,138.64 1 1
neoden/h2status/widgets/battery.go:138.64,140.3 1 1
neoden/h2status/widgets/battery.go:142.2,146.18 4 1
neoden/h2status/widgets/battery.go:146.18,148.3 1 1
neoden/h2status/widgets/battery.go:148.8,150.14 2 1
neoden/h2status/widgets/battery.go:150.14,152.4 1 1
neoden/h2status/widgets/battery.go:153.3,153.24 1 1
neoden/h2status/widgets/battery.go:156.2,156.37 1 1
neoden/h2status/widgets/battery.go:156.37,158.3 1 1
neoden/h2status/widgets/battery.go:158.8,158.47 1 1
neoden/h2status/widgets/battery.go:158.47,160.3 1 1
neoden/h2status/widgets/battery.go:162.2,162.82 1 1
neoden/h2status/widgets/battery.go:165.43,167.2 1 1
neoden/h2status/widgets/bluetooth.go:30.32,35.2 1 1
neoden/h2status/widgets/bluetooth.go:37.34,39.16 2 0
neoden/h2status/widgets/bluetooth.go:39.16,41.3 1 0
neoden/h2status/widgets/bluetooth.go:42.2,48.16 5 0
neoden/h2status/widgets/bluetooth.go:48.16,50.3 1 0
neoden/h2status/widgets/bluetooth.go:52.2,64.12 5 0
neoden/h2status/widgets/bluetooth.go:67.107,68.36 1 1
neoden/h2status/widgets/bluetooth.go:68.36,69.52 1 1
neoden/h2status/widgets/bluetooth.go:69.52,71.4 1 1
neoden/h2status/widgets/bluetooth.go:75.47,77.2 1 1
neoden/h2status/widgets/bluetooth.go:79.87,81.13 2 1
neoden/h2status/widgets/bluetooth.go:81.13,84.3 2 1
neoden/h2status/widgets/bluetooth.go:86.2,86.36 1 1
neoden/h2status/widgets/bluetooth.go:86.36,88.3 1 1
neoden/h2status/widgets/bluetooth.go:89.2,89.45 1 1
neoden/h2status/widgets/bluetooth.go:89.45,92.37 3 1
neoden/h2status/widgets/bluetooth.go:92.37,94.4 1 1
neoden/h2status/widgets/bluetooth.go:96.2,96.37 1 1
neoden/h2status/widgets/bluetooth.go:96.37,97.49 1 1
neoden/h2status/widgets/bluetooth.go:97.49,98.29 1 1
neoden/h2status/widgets/bluetooth.go:98.29,100.10 2 1
neoden/h2status/widgets/bluetooth.go:106.37,110.25 3 0
neoden/h2status/widgets/bluetooth.go:110.25,112.3 1 0
neoden/h2status/widgets/bluetooth.go:115.55,116.21 1 1
neoden/h2status/widgets/bluetooth.go:117.59,118.27 1 1
neoden/h2status/widgets/bluetooth.go:118.27,120.4 1 1
neoden/h2status/widgets/bluetooth.go:121.3,122.42 2 1
neoden/h2status/widgets/bluetooth.go:122.42,124.4 1 1
neoden/h2status/widgets/bluetooth.go:125.3,126.10 2 1
neoden/h2status/widgets/bluetooth.go:126.10,128.4 1 1
neoden/h2status/widgets/bluetooth.go:129.3,130.19 2 1
neoden/h2status/widgets/bluetooth.go:132.60,133.27 1 1
neoden/h2status/widgets/bluetooth.go:133.27,135.4 1 1
neoden/h2status/widgets/bluetooth.go:136.3,137.10 2 1
neoden/h2status/widgets/bluetooth.go:137.10,139.4 1 1
neoden/h2status/widgets/bluetooth.go:140.3,141.10 2 1
neoden/h2status/widgets/bluetooth.go:141.10,143.4 1 1
neoden/h2status/widgets/bluetooth.go:144.3,144.52 1 1
neoden/h2status/widgets/bluetooth.go:144.52,147.4 2 1
neoden/h2status/widgets/bluetooth.go:149.62,150.27 1 1
neoden/h2status/widgets/bluetooth.go:150.27,152.4 1 1
neoden/h2status/widgets/bluetooth.go:153.3,154.10 2 1
neoden/h2status/widgets/bluetooth.go:154.10,156.4 1 1
neoden/h2status/widgets/bluetooth.go:157.3,158.10 2 1
neoden/h2status/widgets/bluetooth.go:158.10,160.4 1 1
neoden/h2status/widgets/bluetooth.go:161.3,161.32 1 1
neoden/h2status/widgets/bluetooth.go:161.32,162.36 1 1
neoden/h2status/widgets/bluetooth.go:162.36,165.10 3 1
neoden/h2status/widgets/bluetooth.go:171.36,172.9 1 1
neoden/h2status/widgets/bluetooth.go:173.31,173.31 0 1
neoden/h2status/widgets/bluetooth.go:174.10,174.10 0 1
neoden/h2status/widgets/bluetooth.go:178.67,180.32 2 1
neoden/h2status/widgets/bluetooth.go:180.32,181.35 1 1
neoden/h2status/widgets/bluetooth.go:181.35,183.4 1 1
neoden/h2status/widgets/bluetooth.go:185.2,185.41 1 1
neoden/h2status/widgets/bluetooth.go:185.41,187.57 1 1
neoden/h2status/widgets/bluetooth.go:187.57,189.4 1 1
neoden/h2status/widgets/bluetooth.go:190.3,190.61 1 1
neoden/h2status/widgets/bluetooth.go:192.2,192.15 1 1
neoden/h2status/widgets/bluetooth.go:195.31,197.2 0 1
neoden/h2status/widgets/bluetooth.go:199.39,201.23 2 1
neoden/h2status/widgets/bluetooth.go:201.23,203.3 1 1
neoden/h2status/widgets/bluetooth.go:205.2,206.22 2 1
neoden/h2status/widgets/bluetooth.go:206.22,208.3 1 1
neoden/h2status/widgets/bluetooth.go:210.2,210.52 1 1
neoden/h2status/widgets/clock.go:17.13,20.79 2 1
neoden/h2status/widgets/clock.go:20.79,22.3 1 1
neoden/h2status/widgets/clock.go:30.40,31.23 1 1
neoden/h2status/widgets/clock.go:31.23,33.3 1 1
neoden/h2status/widgets/clock.go:34.2,34.33 1 1
neoden/h2status/widgets/clock.go:37.27,39.2 0 1
neoden/h2status/widgets/clock.go:41.35,44.2 2 1
neoden/h2status/widgets/clock.go:46.41,48.2 1 1
neoden/h2status/widgets/clock.go:52.75,54.16 2 0
neoden/h2status/widgets/clock.go:54.16,56.3 1 0
neoden/h2status/widgets/clock.go:58.2,68.16 2 0
neoden/h2status/widgets/clock.go:68.16,71.3 2 0
neoden/h2status/widgets/clock.go:73.2,75.12 2 0
neoden/h2status/widgets/clock.go:75.12,81.7 5 0
neoden/h2status/widgets/clock.go:81.7,83.18 2 0
neoden/h2status/widgets/clock.go:83.18,84.22 1 0
neoden/h2status/widgets/clock.go:84.22,86.6 1 0
neoden/h2status/widgets/clock.go:87.5,87.10 1 0
neoden/h2status/widgets/clock.go:89.4,89.41 1 0
neoden/h2status/widgets/clock.go:93.2,93.16 1 0
neoden/h2status/widgets/cpu.go:40.53,46.2 1 1
neoden/h2status/widgets/cpu.go:48.24,50.16 2 1
neoden/h2status/widgets/cpu.go:50.16,53.3 2 1
neoden/h2status/widgets/cpu.go:55.2,55.27 1 1
neoden/h2status/widgets/cpu.go:55.27,58.3 2 1
neoden/h2status/widgets/cpu.go:60.2,60.27 1 1
neoden/h2status/widgets/cpu.go:63.44,64.44 1 1
neoden/h2status/widgets/cpu.go:64.44,67.3 2 1
neoden/h2status/widgets/cpu.go:68.2,68.38 1 1
neoden/h2status/widgets/cpu.go:71.43,72.43 1 1
neoden/h2status/widgets/cpu.go:72.43,74.3 1 1
neoden/h2status/widgets/cpu.go:76.2,81.30 3 1
neoden/h2status/widgets/cpu.go:81.30,83.34 2 1
neoden/h2status/widgets/cpu.go:83.34,85.4 1 1
neoden/h2status/widgets/cpu.go:88.2,90.29 3 1
neoden/h2status/widgets/cpu.go:90.29,92.3 1 1
neoden/h2status/widgets/cpu.go:94.2,94.13 1 1
neoden/h2status/widgets/cpu.go:97.33,99.16 2 1
neoden/h2status/widgets/cpu.go:99.16,101.3 1 1
neoden/h2status/widgets/cpu.go:104.2,106.35 3 1
neoden/h2status/widgets/cpu.go:106.35,107.21 1 1
neoden/h2status/widgets/cpu.go:107.21,109.4 1 1
neoden/h2status/widgets/cpu.go:110.3,110.42 1 1
neoden/h2status/widgets/cpu.go:110.42,112.4 1 1
neoden/h2status/widgets/cpu.go:115.2,118.30 3 1
neoden/h2status/widgets/cpu.go:118.30,120.3 1 1
neoden/h2status/widgets/cpu.go:122.2,123.15 2 1
neoden/h2status/widgets/cpu.go:123.15,125.3 1 1
neoden/h2status/widgets/cpu.go:125.8,127.3 1 1
neoden/h2status/widgets/cpu.go:129.2,130.47 2 1
neoden/h2status/widgets/cpu.go:133.52,135.16 2 1
neoden/h2status/widgets/cpu.go:135.16,137.3 1 1
neoden/h2status/widgets/cpu.go:138.2,143.21 4 1
neoden/h2status/widgets/cpu.go:143.21,145.38 2 1
neoden/h2status/widgets/cpu.go:145.38,146.12 1 1
neoden/h2status/widgets/cpu.go:149.3,150.22 2 1
neoden/h2status/widgets/cpu.go:150.22,151.12 1 0
neoden/h2status/widgets/cpu.go:154.3,155.17 2 1
neoden/h2status/widgets/cpu.go:155.17,156.12 1 0
neoden/h2status/widgets/cpu.go:159.3,159.25 1 1
neoden/h2status/widgets/cpu.go:159.25,161.4 1 1
neoden/h2status/widgets/cpu.go:161.9,163.4 1 1
neoden/h2status/widgets/cpu.go:166.2,166.32 1 1
neoden/h2status/widgets/cpu.go:169.53,174.16 4 1
neoden/h2status/widgets/cpu.go:174.16,176.3 1 1
neoden/h2status/widgets/cpu.go:177.2,178.16 2 1
neoden/h2status/widgets/cpu.go:178.16,180.3 1 1
neoden/h2status/widgets/cpu.go:181.2,182.16 2 1
neoden/h2status/widgets/cpu.go:182.16,184.3 1 1
neoden/h2status/widgets/cpu.go:185.2,186.16 2 1
neoden/h2status/widgets/cpu.go:186.16,188.3 1 1
neoden/h2status/widgets/cpu.go:190.2,191.15 2 1
neoden/h2status/widgets/cpu.go:194.50,201.30 3 1
neoden/h2status/widgets/cpu.go:201.30,202.28 1 1
neoden/h2status/widgets/cpu.go:202.28,204.4 1 1
neoden/h2status/widgets/cpu.go:207.2,207.14 1 1
neoden/h2status/widgets/cpu.go:210.48,212.21 2 1
neoden/h2status/widgets/cpu.go:212.21,214.3 1 1
neoden/h2status/widgets/cpu.go:215.2,216.66 2 1
neoden/h2status/widgets/disk.go:29.46,34.2 1 1
neoden/h2status/widgets/disk.go:36.25,37.33 1 1
neoden/h2status/widgets/disk.go:37.33,39.58 2 1
neoden/h2status/widgets/disk.go:39.58,41.12 2 1
neoden/h2status/widgets/disk.go:44.3,48.16 5 1
neoden/h2status/widgets/disk.go:48.16,50.4 1 1
neoden/h2status/widgets/disk.go:52.3,53.17 2 1
neoden/h2status/widgets/disk.go:53.17,55.4 1 1
neoden/h2status/widgets/disk.go:57.3,58.24 2 1
neoden/h2status/widgets/disk.go:58.24,60.4 1 1
neoden/h2status/widgets/disk.go:60.9,62.4 1 1
neoden/h2status/widgets/disk.go:64.3,73.4 1 1
neoden/h2status/widgets/disk.go:77.34,82.31 4 1
neoden/h2status/widgets/disk.go:82.31,84.29 2 1
neoden/h2status/widgets/disk.go:84.29,86.4 1 1
neoden/h2status/widgets/disk.go:86.9,88.4 1 1
neoden/h2status/widgets/disk.go:90.3,90.30 1 1
neoden/h2status/widgets/disk.go:90.30,91.12 1 1
neoden/h2status/widgets/disk.go:94.3,94.18 1 1
neoden/h2status/widgets/disk.go:94.18,96.4 1 1
neoden/h2status/widgets/disk.go:98.3,99.29 2 1
neoden/h2status/widgets/disk.go:99.29,101.4 1 1
neoden/h2status/widgets/disk.go:101.9,103.4 1 1
neoden/h2status/widgets/disk.go:105.3,105.19 1 1
neoden/h2status/widgets/disk.go:105.19,107.4 1 1
neoden/h2status/widgets/disk.go:107.9,109.4 1 1
neoden/h2status/widgets/disk.go:112.2,112.21 1 1
neoden/h2status/widgets/disk.go:112.21,114.3 1 1
neoden/h2status/widgets/disk.go:116.2,117.51 2 1
neoden/h2status/widgets/network.go:17.39,19.2 1 1
neoden/h2status/widgets/network.go:21.28,23.2 1 1
neoden/h2status/widgets/network.go:25.37,26.31 1 1
neoden/h2status/widgets/network.go:26.31,28.3 1 1
neoden/h2status/widgets/network.go:29.2,29.64 1 1
neoden/h2status/widgets/network.go:33.47,35.16 2 1
neoden/h2status/widgets/network.go:35.16,38.3 2 1
neoden/h2status/widgets/network.go:39.2,44.21 4 1
neoden/h2status/widgets/network.go:44.21,46.22 2 1
neoden/h2status/widgets/network.go:46.22,47.12 1 1
neoden/h2status/widgets/network.go:50.3,50.30 1 1
neoden/h2status/widgets/network.go:50.30,52.4 1 1
neoden/h2status/widgets/network.go:54.2,54.11 1 1
neoden/h2status/widgets/ram.go:24.53,26.2 1 1
neoden/h2status/widgets/ram.go:28.24,30.16 2 1
neoden/h2status/widgets/ram.go:30.16,33.3 2 1
neoden/h2status/widgets/ram.go:34.2,37.21 3 1
neoden/h2status/widgets/ram.go:37.21,40.22 3 1
neoden/h2status/widgets/ram.go:40.22,41.12 1 0
neoden/h2status/widgets/ram.go:44.3,45.17 2 1
neoden/h2status/widgets/ram.go:45.17,46.12 1 0
neoden/h2status/widgets/ram.go:49.3,49.20 1 1
neoden/h2status/widgets/ram.go:50.20,51.26 1 1
neoden/h2status/widgets/ram.go:52.24,53.30 1 1
neoden/h2status/widgets/ram.go:57.2,58.17 2 1
neoden/h2status/widgets/ram.go:58.17,60.3 1 1
neoden/h2status/widgets/ram.go:63.33,64.34 1 1
neoden/h2status/widgets/ram.go:64.34,66.3 1 1
neoden/h2status/widgets/ram.go:68.2,70.47 3 1
neoden/h2status/widgets/temperature.go:30.80,33.19 2 1
neoden/h2status/widgets/temperature.go:33.19,35.27 1 1
neoden/h2status/widgets/temperature.go:35.27,42.4 1 1
neoden/h2status/widgets/temperature.go:43.8,46.3 1 1
neoden/h2status/widgets/temperature.go:48.2,48.10 1 1
neoden/h2status/widgets/temperature.go:51.29,53.2 1 0
neoden/h2status/widgets/temperature.go:55.55,64.31 6 1
neoden/h2status/widgets/temperature.go:64.31,66.17 2 1
neoden/h2status/widgets/temperature.go:66.17,67.12 1 1
neoden/h2status/widgets/temperature.go:69.3,73.34 3 1
neoden/h2status/widgets/temperature.go:73.34,80.68 5 1
neoden/h2status/widgets/temperature.go:80.68,82.5 1 1
neoden/h2status/widgets/temperature.go:84.4,89.19 6 1
neoden/h2status/widgets/temperature.go:93.2,98.29 4 1
neoden/h2status/widgets/temperature.go:98.29,100.17 2 1
neoden/h2status/widgets/temperature.go:100.17,101.12 1 1
neoden/h2status/widgets/temperature.go:103.3,111.18 8 1
neoden/h2status/widgets/temperature.go:115.56,123.34 4 1
neoden/h2status/widgets/temperature.go:123.34,124.32 1 1
neoden/h2status/widgets/temperature.go:124.32,126.18 2 1
neoden/h2status/widgets/temperature.go:126.18,127.13 1 0
neoden/h2status/widgets/temperature.go:129.4,131.53 2 1
neoden/h2status/widgets/temperature.go:131.53,134.50 2 1
neoden/h2status/widgets/temperature.go:134.50,135.14 1 0
neoden/h2status/widgets/temperature.go:139.5,141.19 3 1
neoden/h2status/widgets/temperature.go:141.19,143.6 1 1
neoden/h2status/widgets/temperature.go:145.5,151.19 2 1
neoden/h2status/widgets/temperature.go:157.2,158.34 2 1
neoden/h2status/widgets/temperature.go:158.34,159.30 1 1
neoden/h2status/widgets/temperature.go:159.30,161.18 2 1
neoden/h2status/widgets/temperature.go:161.18,162.13 1 0
neoden/h2status/widgets/temperature.go:164.4,166.57 2 1
neoden/h2status/widgets/temperature.go:166.57,174.5 2 1
neoden/h2status/widgets/temperature.go:178.2,178.16 1 1
neoden/h2status/widgets/temperature.go:181.32,182.27 1 1
neoden/h2status/widgets/temperature.go:182.27,184.17 2 1
neoden/h2status/widgets/temperature.go:184.17,186.12 2 1
neoden/h2status/widgets/temperature.go:189.3,190.17 2 1
neoden/h2status/widgets/temperature.go:190.17,191.12 1 1
neoden/h2status/widgets/temperature.go:195.3,195.34 1 1
neoden/h2status/widgets/temperature.go:199.41,204.35 4 1
neoden/h2status/widgets/temperature.go:204.35,205.39 1 1
neoden/h2status/widgets/temperature.go:205.39,206.12 1 1
neoden/h2status/widgets/temperature.go:209.3,209.40 1 1
neoden/h2status/widgets/temperature.go:209.40,211.4 1 1
neoden/h2status/widgets/temperature.go:213.3,213.19 1 1
neoden/h2status/widgets/temperature.go:213.19,215.4 1 1
neoden/h2status/widgets/temperature.go:215.9,217.4 1 1
neoden/h2status/widgets/temperature.go:220.2,220.21 1 1
neoden/h2status/widgets/temperature.go:220.21,222.3 1 1
neoden/h2status/widgets/temperature.go:224.2,225.58 2 1
neoden/h2status/widgets/vpn.go:20.53,22.2 1 1
neoden/h2status/widgets/vpn.go:24.24,32.16 6 1
neoden/h2status/widgets/vpn.go:32.16,35.3 2 0
neoden/h2status/widgets/vpn.go:37.2,37.32 1 1
neoden/h2status/widgets/vpn.go:37.32,39.30 2 1
neoden/h2status/widgets/vpn.go:39.30,40.12 1 1
neoden/h2status/widgets/vpn.go:44.3,45.17 2 1
neoden/h2status/widgets/vpn.go:45.17,46.12 1 1
neoden/h2status/widgets/vpn.go:48.3,48.70 1 1
neoden/h2status/widgets/vpn.go:48.70,49.12 1 1
neoden/h2status/widgets/vpn.go:52.3,54.27 3 1
neoden/h2status/widgets/vpn.go:54.27,56.4 1 1
neoden/h2status/widgets/vpn.go:57.3,57.8 1 1
neoden/h2status/widgets/vpn.go:61.48,62.43 1 1
neoden/h2status/widgets/vpn.go:62.43,64.28 2 1
neoden/h2status/widgets/vpn.go:64.28,66.4 1 1
neoden/h2status/widgets/vpn.go:68.2,68.14 1 1
neoden/h2status/widgets/vpn.go:71.33,72.15 1 1
neoden/h2status/widgets/vpn.go:72.15,74.3 1 1
neoden/h2status/widgets/vpn.go:76.2,77.17 2 1
neoden/h2status/widgets/vpn.go:77.17,79.3 1 1
neoden/h2status/widgets/vpn.go:79.8,81.3 1 1
neoden/h2status/widgets/vpn.go:83.2,83.46 1 1
neoden/h2status/widgets/widget.go:38.35,40.14 2 1
neoden/h2status/widgets/widget.go:40.14,42.3 1 1
neoden/h2status/widgets/widget.go:43.2,44.42 2 1
neoden/h2status/widgets/widget.go:44.42,47.3 2 1
neoden/h2status/widgets/widget.go:48.2,48.70 1 1
neoden/h2status/widgets/widget.go:51.45,57.2 5 1
neoden/h2status/widgets/widget.go:59.40,61.16 2 1
neoden/h2status/widgets/widget.go:61.16,63.3 1 1
neoden/h2status/widgets/widget.go:64.2,65.24 2 1
neoden/h2status/widgets/wifi.go:26.43,28.16 2 0
neoden/h2status/widgets/wifi.go:28.16,31.3 2 0
neoden/h2status/widgets/wifi.go:32.2,32.40 1 0
neoden/h2status/widgets/wifi.go:35.25,36.21 1 1
neoden/h2status/widgets/wifi.go:36.21,38.3 1 1
neoden/h2status/widgets/wifi.go:40.2,45.16 5 1
neoden/h2status/widgets/wifi.go:45.16,48.3 2 1
neoden/h2status/widgets/wifi.go:50.2,50.33 1 1
neoden/h2status/widgets/wifi.go:53.64,54.35 1 1
neoden/h2status/widgets/wifi.go:54.35,55.46 1 1
neoden/h2status/widgets/wifi.go:55.46,56.12 1 1
neoden/h2status/widgets/wifi.go:59.3,60.17 2 1
neoden/h2status/widgets/wifi.go:60.17,61.12 1 1
neoden/h2status/widgets/wifi.go:64.3,67.8 4 1
neoden/h2status/widgets/wifi.go:71.34,72.18 1 1
neoden/h2status/widgets/wifi.go:72.18,74.3 1 1
neoden/h2status/widgets/wifi.go:76.2,77.42 2 1
neoden/h2status/widgets/wifi.go:77.42,78.21 1 1
neoden/h2status/widgets/wifi.go:78.21,80.9 2 1
neoden/h2status/widgets/wifi.go:85.2,85.24 1 1
neoden/h2status/widgets/wifi.go:86.16,86.16 0 1
neoden/h2status/widgets/wifi.go:88.17,90.44 1 1
neoden/h2status/widgets/wifi.go:90.44,92.4 1 1
neoden/h2status/widgets/wifi.go:93.10,95.34 1 1
neoden/h2status/widgets/wifi.go:95.34,97.4 1 1
neoden/h2status/widgets/wifi.go:101.2,102.13 2 1
neoden/h2status/widgets/wifi.go:102.13,104.3 1 1
neoden/h2status/widgets/wifi.go:104.8,106.3 1 1
neoden/h2status/widgets/wifi.go:108.2,109.48 2 1
